'TDN.MSC.host_labels_match_snapshot' does not depend on any axioms
'TDN.MSC.authorized_same_level' depends on axioms: [propext, Classical.choice, Quot.sound]
'TDN.MSC.cross_level_blocked' depends on axioms: [propext, Classical.choice, Quot.sound]
'TDN.MSC.unauthorized_peer_blocked' depends on axioms: [propext]
'TDN.MSC.inner_failure_closed' depends on axioms: [propext]
'TDN.MSC.inner_policy_loss_closed' depends on axioms: [propext]
'TDN.MSC.inner_authentication_failure_closed' depends on axioms: [propext]
'TDN.MSC.outer_failure_closed' depends on axioms: [propext, Quot.sound]
'TDN.MSC.outer_policy_loss_closed' depends on axioms: [propext, Quot.sound]
'TDN.MSC.outer_authentication_failure_closed' depends on axioms: [propext, Quot.sound]
'TDN.MSC.transport_failure_blocks' depends on axioms: [propext, Quot.sound]
'TDN.MSC.forwarded_has_both_steps' depends on axioms: [propext]
'TDN.MSC.forwarded_same_level' depends on axioms: [propext, Classical.choice, Quot.sound]
'TDN.MSC.delivered_has_decryption_steps' depends on axioms: [propext]
'TDN.MSC.cross_level_not_delivered' depends on axioms: [propext, Classical.choice, Quot.sound]
'TDN.MSC.receiver_inner_failure_closed' depends on axioms: [propext, Quot.sound]
'TDN.MSC.receiver_outer_failure_closed' depends on axioms: [propext, Quot.sound]
'TDN.MSC.ready_authorized_forwards' depends on axioms: [propext]
'TDN.MSC.ready_authorized_delivers' depends on axioms: [propext, Quot.sound]
'TDN.MSC.walk_preserves' does not depend on any axioms
'TDN.MSC.device_count' does not depend on any axioms
'TDN.MSC.link_count' does not depend on any axioms
'TDN.MSC.device_ids_unique' does not depend on any axioms
'TDN.MSC.cable_endpoints_valid' does not depend on any axioms
'TDN.MSC.red_hosts_attach_to_inner' does not depend on any axioms
'TDN.MSC.gray_edges_preserve_label' does not depend on any axioms
'TDN.MSC.no_cross_level_gray_bypass' does not depend on any axioms
'TDN.MSC.site_a_gray_cut' does not depend on any axioms
'TDN.MSC.site_b_gray_cut' does not depend on any axioms
'TDN.MSC.management_edges_preserve_domain' does not depend on any axioms
'TDN.MSC.no_cross_domain_management_cable_path' does not depend on any axioms
'TDN.MSC.inner_outer_admin_separate' does not depend on any axioms
'TDN.MSC.tunnel_peers_symmetric' does not depend on any axioms
'TDN.MSC.inner_peers_same_level' does not depend on any axioms
'TDN.MSC.inner_trust_domains_separate' does not depend on any axioms
'TDN.MSC.sampled_devices_running' does not depend on any axioms
'TDN.MSC.sampled_tunnels_established' does not depend on any axioms
'TDN.MSC.sampled_probe_report_passed' does not depend on any axioms
'TDN.MSC.protected_rule_blocks_untagged' depends on axioms: [propext, Quot.sound]
'TDN.MSC.protected_table_blocks_untagged' depends on axioms: [propext, Quot.sound]
'TDN.MSC.encryptor_tables_guarded' does not depend on any axioms
'TDN.MSC.encryptor_without_policy_drops' depends on axioms: [propext, Quot.sound]
'TDN.MSC.gray_firewall_denies_all' does not depend on any axioms
'TDN.MSC.outer_firewall_accepts_declared_esp' does not depend on any axioms
'TDN.MSC.outer_firewall_rejects_icmp' does not depend on any axioms
'TDN.MSC.outer_firewall_rejects_wrong_peer' does not depend on any axioms
